// Jest Snapshot v1, https://goo.gl/fbAQLP

exports[`AlbumItem renders correctly 1`] = `
<DocumentFragment>
  <a
    aria-label="Go to album undefined"
    href="/release/undefined"
  >
    <div
      class="rounded-md overflow-hidden bg-neutral-900 hover:text-brand-light hover:border-brand-light hover:border transition"
    >
      <div
        class="relative aspect-square rounded-md w-full bg-neutral-700 animated-underline"
      >
        <svg
          class="m-auto h-full text-dark"
          fill="currentColor"
          height="64"
          stroke="currentColor"
          stroke-width="0"
          viewBox="0 0 24 24"
          width="64"
          xmlns="http://www.w3.org/2000/svg"
        >
          <circle
            cx="11.99"
            cy="11.99"
            r="2.01"
          />
          <path
            d="M12 2a10 10 0 1 0 10 10A10 10 0 0 0 12 2zm0 18a8 8 0 1 1 8-8 8 8 0 0 1-8 8z"
          />
          <path
            d="M12 6a6 6 0 0 0-6 6h2a4 4 0 0 1 4-4z"
          />
        </svg>
      </div>
      <div
        class="relative p-3 w-full overflow-clip"
      >
        <p
          class="subtitle font-normal truncate"
        />
        <p
          class="subtitle font-normal text-neutral-500 truncate"
        />
      </div>
    </div>
  </a>
</DocumentFragment>
`;
