// Jest Snapshot v1, https://goo.gl/fbAQLP

exports[`Box renders correctly 1`] = `
<DocumentFragment>
  <div
    class="bg-dark rounded-lg h-fit w-full"
  >
    <div />
  </div>
</DocumentFragment>
`;
