// Jest Snapshot v1, https://goo.gl/fbAQLP

exports[`ExternalLinks renders correctly 1`] = `
<DocumentFragment>
  <div
    class="flex flex-col"
  >
    <div
      class="flex items-center"
    />
  </div>
</DocumentFragment>
`;
