// Jest Snapshot v1, https://goo.gl/fbAQLP

exports[`ExternalLinksModal renders correctly 1`] = `<DocumentFragment />`;
