// Jest Snapshot v1, https://goo.gl/fbAQLP

exports[`FeedItem renders correctly 1`] = `
<DocumentFragment>
  <div
    class="flex items-start gap-x-2 cursor-pointer w-full rounded-md hover:bg-neutral-800/50"
  >
    <div
      class="relative rounded-md min-h-[48px] min-w-[48px] overflow-hidden aspect-square m-1 bg-neutral-700"
    >
      <svg
        class="m-auto h-full text-dark"
        fill="currentColor"
        height="24"
        stroke="currentColor"
        stroke-width="0"
        viewBox="0 0 24 24"
        width="24"
        xmlns="http://www.w3.org/2000/svg"
      >
        <circle
          cx="11.99"
          cy="11.99"
          r="2.01"
        />
        <path
          d="M12 2a10 10 0 1 0 10 10A10 10 0 0 0 12 2zm0 18a8 8 0 1 1 8-8 8 8 0 0 1-8 8z"
        />
        <path
          d="M12 6a6 6 0 0 0-6 6h2a4 4 0 0 1 4-4z"
        />
      </svg>
    </div>
    <div
      class="flex flex-col overflow-hidden"
    >
      <p
        class="text-light truncate"
      />
    </div>
  </div>
</DocumentFragment>
`;
