// Jest Snapshot v1, https://goo.gl/fbAQLP

exports[`HeaderItem renders correctly 1`] = `
<DocumentFragment>
  <button
    class="relative group min-h-36 rounded-lg w-full overflow-hidden transition bg-black border-white border bg-cover bg-center semi-opaque-bg"
  >
    <div
      class="flex flex-col justify-end gap-y-2 px-4 w-full h-full"
    >
      <h2
        class="text-lg lg:text-2xl xl:text-3xl line-clamp-1"
      />
      <div
        class="flex flex-col gap-y-1 w-full items-center self-center text-brand-dark"
      >
        <h4
          class="subtitle text-xs lg:text-sm line-clamp-1"
        />
      </div>
    </div>
  </button>
</DocumentFragment>
`;
