// Jest Snapshot v1, https://goo.gl/fbAQLP

exports[`PageContent renders correctly 1`] = `<DocumentFragment />`;
