// Jest Snapshot v1, https://goo.gl/fbAQLP

exports[`Pill renders correctly 1`] = `
<DocumentFragment>
  <div
    class="border border-light rounded-md px-2 py-1 w-fit overflow-clip"
  >
    <p
      class="font-thin subtitle text-2xs lg:text-xs md:truncate"
    >
      Test
    </p>
  </div>
</DocumentFragment>
`;
